==> ./tests/inputs/empty.txt <==

==> ./tests/inputs/one.txt <==
Ã–ne
==> ./tests/inputs/two.txt <==
Two 
==> ./tests/inputs/three.txt <==
Thre
==> ./tests/inputs/ten.txt <==
one
