title	year
The Blues Brothers	1980
Les Mis√©rables	2019
