title,year,director
The Blues Brothers,1980,John Landis
Les Mis√©rables,2012,Tom Hooper
