tests/inputs/a
tests/inputs/a/a.txt
tests/inputs/a/b
tests/inputs/a/b/b.csv
tests/inputs/a/b/c
tests/inputs/a/b/c/c.mp3
