==> ./tests/inputs/empty.txt <==

==> ./tests/inputs/one.txt <==
Ã
==> ./tests/inputs/two.txt <==
T
==> ./tests/inputs/three.txt <==
T
==> ./tests/inputs/ten.txt <==
o