It's like deja vu all over again.
-- Yogi Berra
%
You can observe a lot just by watching.
-- Yogi Berra
%
