A banker is a fellow who lends you his umbrella when the sun is shining
and wants it back the minute it begins to rain.
		-- Mark Twain
%
A classic is something that everyone wants to have read
and nobody wants to read.
		-- Mark Twain, "The Disappearance of Literature"
%
Twenty years from now you will be more disappointed by the things that you didn't do than by the ones you did do. So throw off the bowlines. Sail away from the safe harbor. Catch the trade winds in your sails. Explore. Dream. Discover.
-- Mark Twain
%
I can live for two months on a good compliment.
-- Mark Twain
%
Keep away from people who try to belittle your ambitions. Small people always do that, but the really great make you feel that you, too, can become great.
-- Mark Twain
%
