==> tests/inputs/ten.txt <==
one
two
three
four
five
six
seven
eight
nine
ten

==> tests/inputs/empty.txt <==

==> tests/inputs/one.txt <==
Ã–ne line, four wordÅ›.

==> tests/inputs/three.txt <==
Three
lines,
four words.

==> tests/inputs/two.txt <==
Two lines.
Four words.
