==> tests/inputs/ten.txt <==
e
two
three
four
five
six
seven
eight
nine
ten

==> tests/inputs/empty.txt <==

==> tests/inputs/one.txt <==
ne line, four wordÅ›.

==> tests/inputs/three.txt <==
ree
lines,
four words.

==> tests/inputs/two.txt <==
o lines.
Four words.
