eight
nine
ten
Öne line, four wordś.
Three
lines,
four words.
Two lines.
Four words.
