==> tests/inputs/ten.txt <==
ten

==> tests/inputs/empty.txt <==

==> tests/inputs/one.txt <==
Ã–ne line, four wordÅ›.

==> tests/inputs/three.txt <==
four words.

==> tests/inputs/two.txt <==
Four words.
