three
four
five
six
seven
eight
nine
ten
four words.
