==> tests/inputs/ten.txt <==
ine
ten

==> tests/inputs/empty.txt <==

==> tests/inputs/one.txt <==
wordÅ›.

==> tests/inputs/three.txt <==
 words.

==> tests/inputs/two.txt <==
 words.
