==> tests/inputs/ten.txt <==
three
four
five
six
seven
eight
nine
ten

==> tests/inputs/empty.txt <==

==> tests/inputs/one.txt <==

==> tests/inputs/three.txt <==
four words.

==> tests/inputs/two.txt <==
