==> tests/inputs/ten.txt <==

==> tests/inputs/empty.txt <==

==> tests/inputs/one.txt <==

==> tests/inputs/three.txt <==

==> tests/inputs/two.txt <==
