       0 tests/inputs/empty.txt
       9 tests/inputs/fox.txt
      29 tests/inputs/atlamal.txt
      38 total
