       0 tests/inputs/empty.txt
      48 tests/inputs/fox.txt
     159 tests/inputs/atlamal.txt
     207 total
