       0 tests/inputs/empty.txt
       1 tests/inputs/fox.txt
       4 tests/inputs/atlamal.txt
       5 total
