       0       0       0 tests/inputs/empty.txt
       1       9      48 tests/inputs/fox.txt
       4      29     159 tests/inputs/atlamal.txt
       5      38     207 total
