       0 tests/inputs/empty.txt
      48 tests/inputs/fox.txt
     177 tests/inputs/atlamal.txt
     225 total
