       4      29     159 tests/inputs/atlamal.txt
