       4      29     177 tests/inputs/atlamal.txt
