     1	Don't worry, spiders,
     2	I keep house
     3	casually.
